------------------------------------------------------------
TimeQuest Timing Analyzer Summary
------------------------------------------------------------

Type  : Slow 1200mV 85C Model Setup 'CKGEN0|altpll_component|auto_generated|pll1|clk[0]'
Slack : 3.687
TNS   : 0.000

Type  : Slow 1200mV 85C Model Setup 'VIDEO0|VCKGEN|altpll_component|auto_generated|pll1|clk[0]'
Slack : 6.466
TNS   : 0.000

Type  : Slow 1200mV 85C Model Setup 'SYS_CLK'
Slack : 16.758
TNS   : 0.000

Type  : Slow 1200mV 85C Model Setup 'altera_reserved_tck'
Slack : 44.235
TNS   : 0.000

Type  : Slow 1200mV 85C Model Hold 'VIDEO0|VCKGEN|altpll_component|auto_generated|pll1|clk[0]'
Slack : 0.316
TNS   : 0.000

Type  : Slow 1200mV 85C Model Hold 'altera_reserved_tck'
Slack : 0.334
TNS   : 0.000

Type  : Slow 1200mV 85C Model Hold 'CKGEN0|altpll_component|auto_generated|pll1|clk[0]'
Slack : 0.360
TNS   : 0.000

Type  : Slow 1200mV 85C Model Hold 'SYS_CLK'
Slack : 0.362
TNS   : 0.000

Type  : Slow 1200mV 85C Model Recovery 'altera_reserved_tck'
Slack : 47.501
TNS   : 0.000

Type  : Slow 1200mV 85C Model Removal 'altera_reserved_tck'
Slack : 0.959
TNS   : 0.000

Type  : Slow 1200mV 85C Model Minimum Pulse Width 'CKGEN0|altpll_component|auto_generated|pll1|clk[0]'
Slack : 4.707
TNS   : 0.000

Type  : Slow 1200mV 85C Model Minimum Pulse Width 'VIDEO0|VCKGEN|altpll_component|auto_generated|pll1|clk[0]'
Slack : 8.400
TNS   : 0.000

Type  : Slow 1200mV 85C Model Minimum Pulse Width 'SYS_CLK'
Slack : 9.546
TNS   : 0.000

Type  : Slow 1200mV 85C Model Minimum Pulse Width 'USER_CLK'
Slack : 37.666
TNS   : 0.000

Type  : Slow 1200mV 85C Model Minimum Pulse Width 'altera_reserved_tck'
Slack : 49.504
TNS   : 0.000

Type  : Slow 1200mV 0C Model Setup 'CKGEN0|altpll_component|auto_generated|pll1|clk[0]'
Slack : 3.978
TNS   : 0.000

Type  : Slow 1200mV 0C Model Setup 'VIDEO0|VCKGEN|altpll_component|auto_generated|pll1|clk[0]'
Slack : 6.854
TNS   : 0.000

Type  : Slow 1200mV 0C Model Setup 'SYS_CLK'
Slack : 17.004
TNS   : 0.000

Type  : Slow 1200mV 0C Model Setup 'altera_reserved_tck'
Slack : 44.474
TNS   : 0.000

Type  : Slow 1200mV 0C Model Hold 'VIDEO0|VCKGEN|altpll_component|auto_generated|pll1|clk[0]'
Slack : 0.291
TNS   : 0.000

Type  : Slow 1200mV 0C Model Hold 'altera_reserved_tck'
Slack : 0.299
TNS   : 0.000

Type  : Slow 1200mV 0C Model Hold 'CKGEN0|altpll_component|auto_generated|pll1|clk[0]'
Slack : 0.323
TNS   : 0.000

Type  : Slow 1200mV 0C Model Hold 'SYS_CLK'
Slack : 0.325
TNS   : 0.000

Type  : Slow 1200mV 0C Model Recovery 'altera_reserved_tck'
Slack : 47.645
TNS   : 0.000

Type  : Slow 1200mV 0C Model Removal 'altera_reserved_tck'
Slack : 0.883
TNS   : 0.000

Type  : Slow 1200mV 0C Model Minimum Pulse Width 'CKGEN0|altpll_component|auto_generated|pll1|clk[0]'
Slack : 4.715
TNS   : 0.000

Type  : Slow 1200mV 0C Model Minimum Pulse Width 'VIDEO0|VCKGEN|altpll_component|auto_generated|pll1|clk[0]'
Slack : 8.412
TNS   : 0.000

Type  : Slow 1200mV 0C Model Minimum Pulse Width 'SYS_CLK'
Slack : 9.567
TNS   : 0.000

Type  : Slow 1200mV 0C Model Minimum Pulse Width 'USER_CLK'
Slack : 37.666
TNS   : 0.000

Type  : Slow 1200mV 0C Model Minimum Pulse Width 'altera_reserved_tck'
Slack : 49.520
TNS   : 0.000

Type  : Fast 1200mV 0C Model Setup 'CKGEN0|altpll_component|auto_generated|pll1|clk[0]'
Slack : 7.327
TNS   : 0.000

Type  : Fast 1200mV 0C Model Setup 'VIDEO0|VCKGEN|altpll_component|auto_generated|pll1|clk[0]'
Slack : 13.041
TNS   : 0.000

Type  : Fast 1200mV 0C Model Setup 'SYS_CLK'
Slack : 18.813
TNS   : 0.000

Type  : Fast 1200mV 0C Model Setup 'altera_reserved_tck'
Slack : 48.159
TNS   : 0.000

Type  : Fast 1200mV 0C Model Hold 'altera_reserved_tck'
Slack : 0.098
TNS   : 0.000

Type  : Fast 1200mV 0C Model Hold 'VIDEO0|VCKGEN|altpll_component|auto_generated|pll1|clk[0]'
Slack : 0.108
TNS   : 0.000

Type  : Fast 1200mV 0C Model Hold 'CKGEN0|altpll_component|auto_generated|pll1|clk[0]'
Slack : 0.122
TNS   : 0.000

Type  : Fast 1200mV 0C Model Hold 'SYS_CLK'
Slack : 0.152
TNS   : 0.000

Type  : Fast 1200mV 0C Model Recovery 'altera_reserved_tck'
Slack : 49.312
TNS   : 0.000

Type  : Fast 1200mV 0C Model Removal 'altera_reserved_tck'
Slack : 0.409
TNS   : 0.000

Type  : Fast 1200mV 0C Model Minimum Pulse Width 'CKGEN0|altpll_component|auto_generated|pll1|clk[0]'
Slack : 4.733
TNS   : 0.000

Type  : Fast 1200mV 0C Model Minimum Pulse Width 'VIDEO0|VCKGEN|altpll_component|auto_generated|pll1|clk[0]'
Slack : 8.449
TNS   : 0.000

Type  : Fast 1200mV 0C Model Minimum Pulse Width 'SYS_CLK'
Slack : 9.268
TNS   : 0.000

Type  : Fast 1200mV 0C Model Minimum Pulse Width 'USER_CLK'
Slack : 37.666
TNS   : 0.000

Type  : Fast 1200mV 0C Model Minimum Pulse Width 'altera_reserved_tck'
Slack : 49.250
TNS   : 0.000

------------------------------------------------------------
